
Discarded input sections

 .text          0x0000000000000000        0x0 /home/travis/build/hackndev/zinc/build/intermediate/uart/app_uart.o
 .data          0x0000000000000000        0x0 /home/travis/build/hackndev/zinc/build/intermediate/uart/app_uart.o
 .bss           0x0000000000000000        0x0 /home/travis/build/hackndev/zinc/build/intermediate/uart/app_uart.o
 .ARM.exidx.text.main
                0x0000000000000000        0x8 /home/travis/build/hackndev/zinc/build/intermediate/uart/app_uart.o
 .ARM.exidx.text.__morestack
                0x0000000000000000        0x8 /home/travis/build/hackndev/zinc/build/intermediate/uart/app_uart.o
 .ARM.exidx.text.task_scheduler
                0x0000000000000000        0x8 /home/travis/build/hackndev/zinc/build/intermediate/uart/app_uart.o
 .text.rust_stack_exhausted
                0x0000000000000000        0x2 /home/travis/build/hackndev/zinc/build/intermediate/uart/app_uart.o
 .ARM.exidx.text.rust_stack_exhausted
                0x0000000000000000        0x8 /home/travis/build/hackndev/zinc/build/intermediate/uart/app_uart.o
 .text.rust_eh_personality
                0x0000000000000000        0x2 /home/travis/build/hackndev/zinc/build/intermediate/uart/app_uart.o
 .ARM.exidx.text.rust_eh_personality
                0x0000000000000000        0x8 /home/travis/build/hackndev/zinc/build/intermediate/uart/app_uart.o
 .text.rust_begin_unwind
                0x0000000000000000        0x2 /home/travis/build/hackndev/zinc/build/intermediate/uart/app_uart.o
 .ARM.exidx.text.rust_begin_unwind
                0x0000000000000000        0x8 /home/travis/build/hackndev/zinc/build/intermediate/uart/app_uart.o
 .ARM.exidx.text.kill_current_task
                0x0000000000000000        0x8 /home/travis/build/hackndev/zinc/build/intermediate/uart/app_uart.o
 .ARM.exidx.text._ZN7failure5fail_20h5a583150d92e56f5CWv11v0.11.0.preE
                0x0000000000000000        0x8 /home/travis/build/hackndev/zinc/build/intermediate/uart/app_uart.o
 .ARM.exidx.text._ZN7failure17fail_bounds_check20h15b60dbe339b6e592Xv11v0.11.0.preE
                0x0000000000000000        0x8 /home/travis/build/hackndev/zinc/build/intermediate/uart/app_uart.o
 .rodata.str699
                0x0000000000000000        0xd /home/travis/build/hackndev/zinc/build/intermediate/uart/app_uart.o
 .rodata.str701
                0x0000000000000000        0xc /home/travis/build/hackndev/zinc/build/intermediate/uart/app_uart.o
 .rodata.str702
                0x0000000000000000        0xc /home/travis/build/hackndev/zinc/build/intermediate/uart/app_uart.o
 .text          0x0000000000000000        0x0 /home/travis/build/hackndev/zinc/build/intermediate/isr.o
 .data          0x0000000000000000        0x0 /home/travis/build/hackndev/zinc/build/intermediate/isr.o
 .bss           0x0000000000000000        0x0 /home/travis/build/hackndev/zinc/build/intermediate/isr.o
 .ARM.exidx.text.isr_default_fault
                0x0000000000000000        0x8 /home/travis/build/hackndev/zinc/build/intermediate/isr.o
 .text.rust_stack_exhausted
                0x0000000000000000        0x2 /home/travis/build/hackndev/zinc/build/intermediate/isr.o
 .ARM.exidx.text.rust_stack_exhausted
                0x0000000000000000        0x8 /home/travis/build/hackndev/zinc/build/intermediate/isr.o
 .text.rust_eh_personality
                0x0000000000000000        0x2 /home/travis/build/hackndev/zinc/build/intermediate/isr.o
 .ARM.exidx.text.rust_eh_personality
                0x0000000000000000        0x8 /home/travis/build/hackndev/zinc/build/intermediate/isr.o
 .text.rust_begin_unwind
                0x0000000000000000        0x2 /home/travis/build/hackndev/zinc/build/intermediate/isr.o
 .ARM.exidx.text.rust_begin_unwind
                0x0000000000000000        0x8 /home/travis/build/hackndev/zinc/build/intermediate/isr.o
 .text          0x0000000000000000        0x0 /home/travis/build/hackndev/zinc/build/intermediate/support.o
 .data          0x0000000000000000        0x0 /home/travis/build/hackndev/zinc/build/intermediate/support.o
 .bss           0x0000000000000000        0x0 /home/travis/build/hackndev/zinc/build/intermediate/support.o
 .ARM.attributes
                0x0000000000000000       0x2d /home/travis/build/hackndev/zinc/build/intermediate/support.o
 .text.memcpy   0x0000000000000000       0x14 /home/travis/build/hackndev/zinc/build/intermediate/support.o
 .ARM.exidx.text.memcpy
                0x0000000000000000        0x8 /home/travis/build/hackndev/zinc/build/intermediate/support.o
 .text.__aeabi_memcpy
                0x0000000000000000        0x4 /home/travis/build/hackndev/zinc/build/intermediate/support.o
 .ARM.exidx.text.__aeabi_memcpy
                0x0000000000000000        0x8 /home/travis/build/hackndev/zinc/build/intermediate/support.o
 .text.memset   0x0000000000000000       0x10 /home/travis/build/hackndev/zinc/build/intermediate/support.o
 .ARM.exidx.text.memset
                0x0000000000000000        0x8 /home/travis/build/hackndev/zinc/build/intermediate/support.o
 .text.__aeabi_memset
                0x0000000000000000        0xa /home/travis/build/hackndev/zinc/build/intermediate/support.o
 .ARM.exidx.text.__aeabi_memset
                0x0000000000000000        0x8 /home/travis/build/hackndev/zinc/build/intermediate/support.o
 .text.breakpoint
                0x0000000000000000        0x4 /home/travis/build/hackndev/zinc/build/intermediate/support.o
 .ARM.exidx.text.breakpoint
                0x0000000000000000        0x8 /home/travis/build/hackndev/zinc/build/intermediate/support.o
 .ARM.exidx.text.abort
                0x0000000000000000        0x8 /home/travis/build/hackndev/zinc/build/intermediate/support.o
 .ARM.exidx.text.__aeabi_unwind_cpp_pr0
                0x0000000000000000        0x8 /home/travis/build/hackndev/zinc/build/intermediate/support.o
 .text.__aeabi_unwind_cpp_pr1
                0x0000000000000000        0x8 /home/travis/build/hackndev/zinc/build/intermediate/support.o
 .ARM.exidx.text.__aeabi_unwind_cpp_pr1
                0x0000000000000000        0x8 /home/travis/build/hackndev/zinc/build/intermediate/support.o
 .text.get_eit_entry
                0x0000000000000000        0x8 /home/travis/build/hackndev/zinc/build/intermediate/support.o
 .ARM.exidx.text.get_eit_entry
                0x0000000000000000        0x8 /home/travis/build/hackndev/zinc/build/intermediate/support.o
 .text.unwind_phase2_forced
                0x0000000000000000        0x8 /home/travis/build/hackndev/zinc/build/intermediate/support.o
 .ARM.exidx.text.unwind_phase2_forced
                0x0000000000000000        0x8 /home/travis/build/hackndev/zinc/build/intermediate/support.o
 .text.unwind_phase2
                0x0000000000000000        0x8 /home/travis/build/hackndev/zinc/build/intermediate/support.o
 .ARM.exidx.text.unwind_phase2
                0x0000000000000000        0x8 /home/travis/build/hackndev/zinc/build/intermediate/support.o
 .text.rust_fail_bounds_check
                0x0000000000000000        0x8 /home/travis/build/hackndev/zinc/build/intermediate/support.o
 .ARM.exidx.text.rust_fail_bounds_check
                0x0000000000000000        0x8 /home/travis/build/hackndev/zinc/build/intermediate/support.o
 .text.rust_begin_unwind
                0x0000000000000000        0x8 /home/travis/build/hackndev/zinc/build/intermediate/support.o
 .ARM.exidx.text.rust_begin_unwind
                0x0000000000000000        0x8 /home/travis/build/hackndev/zinc/build/intermediate/support.o
 .text          0x0000000000000000        0x0 /home/travis/build/hackndev/zinc/build/intermediate/isr_sched.o
 .data          0x0000000000000000        0x0 /home/travis/build/hackndev/zinc/build/intermediate/isr_sched.o
 .bss           0x0000000000000000        0x0 /home/travis/build/hackndev/zinc/build/intermediate/isr_sched.o

Memory Configuration

Name             Origin             Length             Attributes
rom              0x0000000000000000 0x0000000000008000 xr
ram              0x0000000010000000 0x0000000000002000 awl
*default*        0x0000000000000000 0xffffffffffffffff

Linker script and memory map

                0x0000000010002000                __STACK_BASE = 0x10002000
                0xffffffffefffced1                _boot_checksum = (0x0 - ((((((__STACK_BASE + main) + 0x1) + isr_nmi) + 0x1) + isr_hardfault) + 0x1))
                0x00000000000008c0                _data_load = LOADADDR (.data)
                0x0000000000000830                PROVIDE (isr_nmi, isr_default_fault)
                0x0000000000000830                PROVIDE (isr_hardfault, isr_default_fault)
                0x0000000000000830                PROVIDE (isr_mmfault, isr_default_fault)
                0x0000000000000830                PROVIDE (isr_busfault, isr_default_fault)
                0x0000000000000830                PROVIDE (isr_usagefault, isr_default_fault)
                0x0000000000000830                PROVIDE (isr_svcall, isr_default_fault)
                0x0000000000000830                PROVIDE (isr_pendsv, isr_default_fault)
                0x0000000000000830                PROVIDE (isr_systick, isr_default_fault)
                0x00000000e000e010                armmem_SYSTICK = 0xe000e010
                0x00000000e000e100                armmem_NVIC_ISER = 0xe000e100
                0x00000000e000e180                armmem_NVIC_ICER = 0xe000e180
                0x00000000e000e200                armmem_NVIC_ISPR = 0xe000e200
                0x00000000e000e280                armmem_NVIC_ICPR = 0xe000e280
                0x00000000e000e300                armmem_NVIC_IABR = 0xe000e300
                0x00000000e000e400                armmem_NVIC_IPR = 0xe000e400
                0x00000000e000ef00                armmem_NVIC_STIR = 0xe000ef00
                0x00000000e000e008                armmem_SCB_ACTLR = 0xe000e008
                0x00000000e000ed00                armmem_SCB = 0xe000ed00
                0x00000000e000ed90                armmem_MPU = 0xe000ed90
                0x0000000000000830                PROVIDE (isr_wdt, isr_default_fault)
                0x0000000000000830                PROVIDE (isr_timer_0, isr_default_fault)
                0x0000000000000830                PROVIDE (isr_timer_1, isr_default_fault)
                0x0000000000000830                PROVIDE (isr_timer_2, isr_default_fault)
                0x0000000000000830                PROVIDE (isr_timer_3, isr_default_fault)
                0x0000000000000830                PROVIDE (isr_uart_0, isr_default_fault)
                0x0000000000000830                PROVIDE (isr_uart_1, isr_default_fault)
                0x0000000000000830                PROVIDE (isr_uart_2, isr_default_fault)
                0x0000000000000830                PROVIDE (isr_uart_3, isr_default_fault)
                0x0000000000000830                PROVIDE (isr_pwm_1, isr_default_fault)
                0x0000000000000830                PROVIDE (isr_i2c_0, isr_default_fault)
                0x0000000000000830                PROVIDE (isr_i2c_1, isr_default_fault)
                0x0000000000000830                PROVIDE (isr_i2c_2, isr_default_fault)
                0x0000000000000830                PROVIDE (isr_spi, isr_default_fault)
                0x0000000000000830                PROVIDE (isr_ssp_0, isr_default_fault)
                0x0000000000000830                PROVIDE (isr_ssp_1, isr_default_fault)
                0x0000000000000830                PROVIDE (isr_pll_0, isr_default_fault)
                0x0000000000000830                PROVIDE (isr_rtc, isr_default_fault)
                0x0000000000000830                PROVIDE (isr_eint_0, isr_default_fault)
                0x0000000000000830                PROVIDE (isr_eint_1, isr_default_fault)
                0x0000000000000830                PROVIDE (isr_eint_2, isr_default_fault)
                0x0000000000000830                PROVIDE (isr_eint_3, isr_default_fault)
                0x0000000000000830                PROVIDE (isr_adc, isr_default_fault)
                0x0000000000000830                PROVIDE (isr_bod, isr_default_fault)
                0x0000000000000830                PROVIDE (isr_usb, isr_default_fault)
                0x0000000000000830                PROVIDE (isr_can, isr_default_fault)
                0x0000000000000830                PROVIDE (isr_dma, isr_default_fault)
                0x0000000000000830                PROVIDE (isr_i2s, isr_default_fault)
                0x0000000000000830                PROVIDE (isr_enet, isr_default_fault)
                0x0000000000000830                PROVIDE (isr_rit, isr_default_fault)
                0x0000000000000830                PROVIDE (isr_mcpwm, isr_default_fault)
                0x0000000000000830                PROVIDE (isr_qei, isr_default_fault)
                0x0000000000000830                PROVIDE (isr_pll_1, isr_default_fault)
                0x0000000000000830                PROVIDE (isr_usb_activity, isr_default_fault)
                0x0000000000000830                PROVIDE (isr_can_activity, isr_default_fault)
                0x000000002009c000                iomem_GPIO0 = 0x2009c000
                0x000000002009c020                iomem_GPIO1 = 0x2009c020
                0x000000002009c040                iomem_GPIO2 = 0x2009c040
                0x000000002009c060                iomem_GPIO3 = 0x2009c060
                0x000000002009c080                iomem_GPIO4 = 0x2009c080
                0x0000000040004000                iomem_TIMER0 = 0x40004000
                0x0000000040008000                iomem_TIMER1 = 0x40008000
                0x000000004000c000                iomem_UART0 = 0x4000c000
                0x000000004002c000                iomem_PINSEL0 = 0x4002c000
                0x000000004002c004                iomem_PINSEL1 = 0x4002c004
                0x000000004002c008                iomem_PINSEL2 = 0x4002c008
                0x000000004002c00c                iomem_PINSEL3 = 0x4002c00c
                0x000000004002c010                iomem_PINSEL4 = 0x4002c010
                0x000000004002c01c                iomem_PINSEL7 = 0x4002c01c
                0x000000004002c024                iomem_PINSEL9 = 0x4002c024
                0x000000004002c028                iomem_PINSEL10 = 0x4002c028
                0x0000000040030000                iomem_SSP1 = 0x40030000
                0x0000000040088000                iomem_SSP0 = 0x40088000
                0x0000000040090000                iomem_TIMER2 = 0x40090000
                0x0000000040094000                iomem_TIMER3 = 0x40094000
                0x0000000040098000                iomem_UART2 = 0x40098000
                0x000000004009c000                iomem_UART3 = 0x4009c000
                0x00000000400fc000                iomem_FLASHCFG = 0x400fc000
                0x00000000400fc080                iomem_PLL0CON = 0x400fc080
                0x00000000400fc084                iomem_PLL0CFG = 0x400fc084
                0x00000000400fc088                iomem_PLL0STAT = 0x400fc088
                0x00000000400fc08c                iomem_PLL0FEED = 0x400fc08c
                0x00000000400fc0c4                iomem_PCONP = 0x400fc0c4
                0x00000000400fc104                iomem_CCLKCFG = 0x400fc104
                0x00000000400fc10c                iomem_CLKSRCSEL = 0x400fc10c
                0x00000000400fc1a8                iomem_PCLKSEL0 = 0x400fc1a8
                0x00000000400fc1ac                iomem_PCLKSEL1 = 0x400fc1ac
                0x00000000400fc1a0                iomem_SCS = 0x400fc1a0

.text           0x0000000000000000      0x8c0
 FILL mask 0xff
 *(.isr_vector)
 .isr_vector    0x0000000000000000       0x40 /home/travis/build/hackndev/zinc/build/intermediate/isr.o
                0x0000000000000000                ISRVectors
 *(.isr_vector_nvic)
 .isr_vector_nvic
                0x0000000000000040       0x8c /home/travis/build/hackndev/zinc/build/intermediate/isr.o
                0x0000000000000040                NVICVectors
 FILL mask 0xff
 *(.text*)
 .text.main     0x00000000000000cc      0x622 /home/travis/build/hackndev/zinc/build/intermediate/uart/app_uart.o
                0x00000000000000cc                main
 *fill*         0x00000000000006ee        0x2 
 .text.__morestack
                0x00000000000006f0       0x1a /home/travis/build/hackndev/zinc/build/intermediate/uart/app_uart.o
                0x00000000000006f0                __morestack
 *fill*         0x000000000000070a        0x2 
 .text.task_scheduler
                0x000000000000070c       0x8e /home/travis/build/hackndev/zinc/build/intermediate/uart/app_uart.o
                0x000000000000070c                task_scheduler
 *fill*         0x000000000000079a        0x2 
 .text.kill_current_task
                0x000000000000079c       0x42 /home/travis/build/hackndev/zinc/build/intermediate/uart/app_uart.o
 *fill*         0x00000000000007de        0x2 
 .text._ZN7failure5fail_20h5a583150d92e56f5CWv11v0.11.0.preE
                0x00000000000007e0       0x26 /home/travis/build/hackndev/zinc/build/intermediate/uart/app_uart.o
 *fill*         0x0000000000000806        0x2 
 .text._ZN7failure17fail_bounds_check20h15b60dbe339b6e592Xv11v0.11.0.preE
                0x0000000000000808       0x26 /home/travis/build/hackndev/zinc/build/intermediate/uart/app_uart.o
 *fill*         0x000000000000082e        0x2 
 .text.isr_default_fault
                0x0000000000000830       0x10 /home/travis/build/hackndev/zinc/build/intermediate/isr.o
                0x0000000000000830                isr_default_fault
 .text.abort    0x0000000000000840        0x4 /home/travis/build/hackndev/zinc/build/intermediate/support.o
                0x0000000000000840                abort
 .text.__aeabi_unwind_cpp_pr0
                0x0000000000000844        0x8 /home/travis/build/hackndev/zinc/build/intermediate/support.o
                0x0000000000000844                __aeabi_unwind_cpp_pr0
 .text.sched.isr_systick
                0x000000000000084c       0x28 /home/travis/build/hackndev/zinc/build/intermediate/isr_sched.o
                0x000000000000084c                isr_systick
 .text.sched.isr_pendsv
                0x0000000000000874       0x28 /home/travis/build/hackndev/zinc/build/intermediate/isr_sched.o
                0x0000000000000874                isr_pendsv
 .text.sched.isr_svcall
                0x000000000000089c       0x10 /home/travis/build/hackndev/zinc/build/intermediate/isr_sched.o
                0x000000000000089c                isr_svcall
 .text.sched.syscall
                0x00000000000008ac        0x4 /home/travis/build/hackndev/zinc/build/intermediate/isr_sched.o
                0x00000000000008ac                syscall
 *(.rodata .rodata.*)
 .rodata..Lswitch.table45
                0x00000000000008b0       0x10 /home/travis/build/hackndev/zinc/build/intermediate/uart/app_uart.o

.data           0x0000000010000000       0x34 load address 0x00000000000008c0
                0x0000000010000000                _data = .
 *(SORT(.data*))
 .data._ZN2os4task5Tasks20h61e3bed41a6e204aUhe4v0.0E
                0x0000000010000000       0x34 /home/travis/build/hackndev/zinc/build/intermediate/uart/app_uart.o
                0x0000000010000034                . = ALIGN (0x4)
                0x0000000010000034                _edata = .

.bss            0x0000000010000034        0x8 load address 0x00000000000008f4
                0x0000000010000034                _bss = .
 *(.bss*)
 *(COMMON)
                0x0000000010000034                . = ALIGN (0x4)
                0x0000000010000034                _ebss = .
                0x0000000010000038                . = (. + 0x4)
 *fill*         0x0000000010000034        0x4 
                0x0000000010000038                __STACK_LIMIT = .
                0x000000001000003c                . = (. + 0x4)
 *fill*         0x0000000010000038        0x4 
                0x000000001000003c                _eglobals = .

/DISCARD/
 *(.glue_7*)
 *(.v4_bx)
 *(.vfp11_veneer)
 *(.iplt .igot.plt)
 *(.rel.*)
 *(.ARM.exidx*)
LOAD /home/travis/build/hackndev/zinc/build/intermediate/uart/app_uart.o
LOAD /home/travis/build/hackndev/zinc/build/intermediate/isr.o
LOAD /home/travis/build/hackndev/zinc/build/intermediate/support.o
LOAD /home/travis/build/hackndev/zinc/build/intermediate/isr_sched.o
LOAD /usr/lib/gcc/arm-none-eabi/4.8.3/armv7-m/libgcc.a
OUTPUT(/home/travis/build/hackndev/zinc/build/app_uart.elf elf32-littlearm)

.ARM.attributes
                0x0000000000000000       0x29
 .ARM.attributes
                0x0000000000000000       0x2d /home/travis/build/hackndev/zinc/build/intermediate/uart/app_uart.o
 .ARM.attributes
                0x000000000000002d       0x2d /home/travis/build/hackndev/zinc/build/intermediate/isr.o
 .ARM.attributes
                0x000000000000005a       0x1b /home/travis/build/hackndev/zinc/build/intermediate/isr_sched.o
