Archive member included because of file (symbol)

/usr/lib/gcc/arm-none-eabi/4.8.3/armv7-m/libgcc.a(_arm_addsubsf3.o)
                              /home/travis/build/hackndev/zinc/build/intermediate/mbed_lcd/app_mbed_lcd.o (__aeabi_fadd)
/usr/lib/gcc/arm-none-eabi/4.8.3/armv7-m/libgcc.a(_arm_muldivsf3.o)
                              /home/travis/build/hackndev/zinc/build/intermediate/mbed_lcd/app_mbed_lcd.o (__aeabi_fdiv)
/usr/lib/gcc/arm-none-eabi/4.8.3/armv7-m/libgcc.a(_arm_fixunssfsi.o)
                              /home/travis/build/hackndev/zinc/build/intermediate/mbed_lcd/app_mbed_lcd.o (__aeabi_f2uiz)

Discarded input sections

 .text          0x0000000000000000        0x0 /home/travis/build/hackndev/zinc/build/intermediate/mbed_lcd/app_mbed_lcd.o
 .data          0x0000000000000000        0x0 /home/travis/build/hackndev/zinc/build/intermediate/mbed_lcd/app_mbed_lcd.o
 .bss           0x0000000000000000        0x0 /home/travis/build/hackndev/zinc/build/intermediate/mbed_lcd/app_mbed_lcd.o
 .ARM.exidx.text.main
                0x0000000000000000        0x8 /home/travis/build/hackndev/zinc/build/intermediate/mbed_lcd/app_mbed_lcd.o
 .ARM.exidx.text.__morestack
                0x0000000000000000        0x8 /home/travis/build/hackndev/zinc/build/intermediate/mbed_lcd/app_mbed_lcd.o
 .ARM.exidx.text.task_scheduler
                0x0000000000000000        0x8 /home/travis/build/hackndev/zinc/build/intermediate/mbed_lcd/app_mbed_lcd.o
 .ARM.exidx.text._ZN7drivers3lcd6c1233239C12332$LT$$x27a$C$$x20S$C$$x20T$GT$.LCD5flush21h174484319079529670964v0.0E
                0x0000000000000000        0x8 /home/travis/build/hackndev/zinc/build/intermediate/mbed_lcd/app_mbed_lcd.o
 .ARM.exidx.text._ZN7drivers3lcd6c1233242C12332$LT$$x27a$C$$x20S$C$$x20T$GT$.CharIO4putc21h144716889285746008684v0.0E
                0x0000000000000000        0x8 /home/travis/build/hackndev/zinc/build/intermediate/mbed_lcd/app_mbed_lcd.o
 .text.rust_stack_exhausted
                0x0000000000000000        0x2 /home/travis/build/hackndev/zinc/build/intermediate/mbed_lcd/app_mbed_lcd.o
 .ARM.exidx.text.rust_stack_exhausted
                0x0000000000000000        0x8 /home/travis/build/hackndev/zinc/build/intermediate/mbed_lcd/app_mbed_lcd.o
 .text.rust_eh_personality
                0x0000000000000000        0x2 /home/travis/build/hackndev/zinc/build/intermediate/mbed_lcd/app_mbed_lcd.o
 .ARM.exidx.text.rust_eh_personality
                0x0000000000000000        0x8 /home/travis/build/hackndev/zinc/build/intermediate/mbed_lcd/app_mbed_lcd.o
 .text.rust_begin_unwind
                0x0000000000000000        0x2 /home/travis/build/hackndev/zinc/build/intermediate/mbed_lcd/app_mbed_lcd.o
 .ARM.exidx.text.rust_begin_unwind
                0x0000000000000000        0x8 /home/travis/build/hackndev/zinc/build/intermediate/mbed_lcd/app_mbed_lcd.o
 .ARM.exidx.text.kill_current_task
                0x0000000000000000        0x8 /home/travis/build/hackndev/zinc/build/intermediate/mbed_lcd/app_mbed_lcd.o
 .ARM.exidx.text._ZN7failure17fail_bounds_check20hd02eb70fa0b2c11cuUv11v0.11.0.preE
                0x0000000000000000        0x8 /home/travis/build/hackndev/zinc/build/intermediate/mbed_lcd/app_mbed_lcd.o
 .rodata.str848
                0x0000000000000000        0x9 /home/travis/build/hackndev/zinc/build/intermediate/mbed_lcd/app_mbed_lcd.o
 .rodata.str849
                0x0000000000000000        0x8 /home/travis/build/hackndev/zinc/build/intermediate/mbed_lcd/app_mbed_lcd.o
 .rodata.str850
                0x0000000000000000        0x8 /home/travis/build/hackndev/zinc/build/intermediate/mbed_lcd/app_mbed_lcd.o
 .text          0x0000000000000000        0x0 /home/travis/build/hackndev/zinc/build/intermediate/isr.o
 .data          0x0000000000000000        0x0 /home/travis/build/hackndev/zinc/build/intermediate/isr.o
 .bss           0x0000000000000000        0x0 /home/travis/build/hackndev/zinc/build/intermediate/isr.o
 .ARM.exidx.text.isr_default_fault
                0x0000000000000000        0x8 /home/travis/build/hackndev/zinc/build/intermediate/isr.o
 .text.rust_stack_exhausted
                0x0000000000000000        0x2 /home/travis/build/hackndev/zinc/build/intermediate/isr.o
 .ARM.exidx.text.rust_stack_exhausted
                0x0000000000000000        0x8 /home/travis/build/hackndev/zinc/build/intermediate/isr.o
 .text.rust_eh_personality
                0x0000000000000000        0x2 /home/travis/build/hackndev/zinc/build/intermediate/isr.o
 .ARM.exidx.text.rust_eh_personality
                0x0000000000000000        0x8 /home/travis/build/hackndev/zinc/build/intermediate/isr.o
 .text.rust_begin_unwind
                0x0000000000000000        0x2 /home/travis/build/hackndev/zinc/build/intermediate/isr.o
 .ARM.exidx.text.rust_begin_unwind
                0x0000000000000000        0x8 /home/travis/build/hackndev/zinc/build/intermediate/isr.o
 .text          0x0000000000000000        0x0 /home/travis/build/hackndev/zinc/build/intermediate/support.o
 .data          0x0000000000000000        0x0 /home/travis/build/hackndev/zinc/build/intermediate/support.o
 .bss           0x0000000000000000        0x0 /home/travis/build/hackndev/zinc/build/intermediate/support.o
 .ARM.exidx.text.memcpy
                0x0000000000000000        0x8 /home/travis/build/hackndev/zinc/build/intermediate/support.o
 .ARM.exidx.text.__aeabi_memcpy
                0x0000000000000000        0x8 /home/travis/build/hackndev/zinc/build/intermediate/support.o
 .ARM.exidx.text.memset
                0x0000000000000000        0x8 /home/travis/build/hackndev/zinc/build/intermediate/support.o
 .ARM.exidx.text.__aeabi_memset
                0x0000000000000000        0x8 /home/travis/build/hackndev/zinc/build/intermediate/support.o
 .text.breakpoint
                0x0000000000000000        0x4 /home/travis/build/hackndev/zinc/build/intermediate/support.o
 .ARM.exidx.text.breakpoint
                0x0000000000000000        0x8 /home/travis/build/hackndev/zinc/build/intermediate/support.o
 .ARM.exidx.text.abort
                0x0000000000000000        0x8 /home/travis/build/hackndev/zinc/build/intermediate/support.o
 .ARM.exidx.text.__aeabi_unwind_cpp_pr0
                0x0000000000000000        0x8 /home/travis/build/hackndev/zinc/build/intermediate/support.o
 .text.__aeabi_unwind_cpp_pr1
                0x0000000000000000        0x8 /home/travis/build/hackndev/zinc/build/intermediate/support.o
 .ARM.exidx.text.__aeabi_unwind_cpp_pr1
                0x0000000000000000        0x8 /home/travis/build/hackndev/zinc/build/intermediate/support.o
 .text.get_eit_entry
                0x0000000000000000        0x8 /home/travis/build/hackndev/zinc/build/intermediate/support.o
 .ARM.exidx.text.get_eit_entry
                0x0000000000000000        0x8 /home/travis/build/hackndev/zinc/build/intermediate/support.o
 .text.unwind_phase2_forced
                0x0000000000000000        0x8 /home/travis/build/hackndev/zinc/build/intermediate/support.o
 .ARM.exidx.text.unwind_phase2_forced
                0x0000000000000000        0x8 /home/travis/build/hackndev/zinc/build/intermediate/support.o
 .text.unwind_phase2
                0x0000000000000000        0x8 /home/travis/build/hackndev/zinc/build/intermediate/support.o
 .ARM.exidx.text.unwind_phase2
                0x0000000000000000        0x8 /home/travis/build/hackndev/zinc/build/intermediate/support.o
 .text.rust_fail_bounds_check
                0x0000000000000000        0x8 /home/travis/build/hackndev/zinc/build/intermediate/support.o
 .ARM.exidx.text.rust_fail_bounds_check
                0x0000000000000000        0x8 /home/travis/build/hackndev/zinc/build/intermediate/support.o
 .text.rust_begin_unwind
                0x0000000000000000        0x8 /home/travis/build/hackndev/zinc/build/intermediate/support.o
 .ARM.exidx.text.rust_begin_unwind
                0x0000000000000000        0x8 /home/travis/build/hackndev/zinc/build/intermediate/support.o
 .text          0x0000000000000000        0x0 /home/travis/build/hackndev/zinc/build/intermediate/isr_sched.o
 .data          0x0000000000000000        0x0 /home/travis/build/hackndev/zinc/build/intermediate/isr_sched.o
 .bss           0x0000000000000000        0x0 /home/travis/build/hackndev/zinc/build/intermediate/isr_sched.o
 .data          0x0000000000000000        0x0 /usr/lib/gcc/arm-none-eabi/4.8.3/armv7-m/libgcc.a(_arm_addsubsf3.o)
 .bss           0x0000000000000000        0x0 /usr/lib/gcc/arm-none-eabi/4.8.3/armv7-m/libgcc.a(_arm_addsubsf3.o)
 .data          0x0000000000000000        0x0 /usr/lib/gcc/arm-none-eabi/4.8.3/armv7-m/libgcc.a(_arm_muldivsf3.o)
 .bss           0x0000000000000000        0x0 /usr/lib/gcc/arm-none-eabi/4.8.3/armv7-m/libgcc.a(_arm_muldivsf3.o)
 .data          0x0000000000000000        0x0 /usr/lib/gcc/arm-none-eabi/4.8.3/armv7-m/libgcc.a(_arm_fixunssfsi.o)
 .bss           0x0000000000000000        0x0 /usr/lib/gcc/arm-none-eabi/4.8.3/armv7-m/libgcc.a(_arm_fixunssfsi.o)

Memory Configuration

Name             Origin             Length             Attributes
rom              0x0000000000000000 0x0000000000008000 xr
ram              0x0000000010000000 0x0000000000002000 awl
*default*        0x0000000000000000 0xffffffffffffffff

Linker script and memory map

                0x0000000010002000                __STACK_BASE = 0x10002000
                0xffffffffefffa9e9                _boot_checksum = (0x0 - ((((((__STACK_BASE + main) + 0x1) + isr_nmi) + 0x1) + isr_hardfault) + 0x1))
                0x00000000000027d4                _data_load = LOADADDR (.data)
                0x0000000000001aa4                PROVIDE (isr_nmi, isr_default_fault)
                0x0000000000001aa4                PROVIDE (isr_hardfault, isr_default_fault)
                0x0000000000001aa4                PROVIDE (isr_mmfault, isr_default_fault)
                0x0000000000001aa4                PROVIDE (isr_busfault, isr_default_fault)
                0x0000000000001aa4                PROVIDE (isr_usagefault, isr_default_fault)
                0x0000000000001aa4                PROVIDE (isr_svcall, isr_default_fault)
                0x0000000000001aa4                PROVIDE (isr_pendsv, isr_default_fault)
                0x0000000000001aa4                PROVIDE (isr_systick, isr_default_fault)
                0x00000000e000e010                armmem_SYSTICK = 0xe000e010
                0x00000000e000e100                armmem_NVIC_ISER = 0xe000e100
                0x00000000e000e180                armmem_NVIC_ICER = 0xe000e180
                0x00000000e000e200                armmem_NVIC_ISPR = 0xe000e200
                0x00000000e000e280                armmem_NVIC_ICPR = 0xe000e280
                0x00000000e000e300                armmem_NVIC_IABR = 0xe000e300
                0x00000000e000e400                armmem_NVIC_IPR = 0xe000e400
                0x00000000e000ef00                armmem_NVIC_STIR = 0xe000ef00
                0x00000000e000e008                armmem_SCB_ACTLR = 0xe000e008
                0x00000000e000ed00                armmem_SCB = 0xe000ed00
                0x00000000e000ed90                armmem_MPU = 0xe000ed90
                0x0000000000001aa4                PROVIDE (isr_wdt, isr_default_fault)
                0x0000000000001aa4                PROVIDE (isr_timer_0, isr_default_fault)
                0x0000000000001aa4                PROVIDE (isr_timer_1, isr_default_fault)
                0x0000000000001aa4                PROVIDE (isr_timer_2, isr_default_fault)
                0x0000000000001aa4                PROVIDE (isr_timer_3, isr_default_fault)
                0x0000000000001aa4                PROVIDE (isr_uart_0, isr_default_fault)
                0x0000000000001aa4                PROVIDE (isr_uart_1, isr_default_fault)
                0x0000000000001aa4                PROVIDE (isr_uart_2, isr_default_fault)
                0x0000000000001aa4                PROVIDE (isr_uart_3, isr_default_fault)
                0x0000000000001aa4                PROVIDE (isr_pwm_1, isr_default_fault)
                0x0000000000001aa4                PROVIDE (isr_i2c_0, isr_default_fault)
                0x0000000000001aa4                PROVIDE (isr_i2c_1, isr_default_fault)
                0x0000000000001aa4                PROVIDE (isr_i2c_2, isr_default_fault)
                0x0000000000001aa4                PROVIDE (isr_spi, isr_default_fault)
                0x0000000000001aa4                PROVIDE (isr_ssp_0, isr_default_fault)
                0x0000000000001aa4                PROVIDE (isr_ssp_1, isr_default_fault)
                0x0000000000001aa4                PROVIDE (isr_pll_0, isr_default_fault)
                0x0000000000001aa4                PROVIDE (isr_rtc, isr_default_fault)
                0x0000000000001aa4                PROVIDE (isr_eint_0, isr_default_fault)
                0x0000000000001aa4                PROVIDE (isr_eint_1, isr_default_fault)
                0x0000000000001aa4                PROVIDE (isr_eint_2, isr_default_fault)
                0x0000000000001aa4                PROVIDE (isr_eint_3, isr_default_fault)
                0x0000000000001aa4                PROVIDE (isr_adc, isr_default_fault)
                0x0000000000001aa4                PROVIDE (isr_bod, isr_default_fault)
                0x0000000000001aa4                PROVIDE (isr_usb, isr_default_fault)
                0x0000000000001aa4                PROVIDE (isr_can, isr_default_fault)
                0x0000000000001aa4                PROVIDE (isr_dma, isr_default_fault)
                0x0000000000001aa4                PROVIDE (isr_i2s, isr_default_fault)
                0x0000000000001aa4                PROVIDE (isr_enet, isr_default_fault)
                0x0000000000001aa4                PROVIDE (isr_rit, isr_default_fault)
                0x0000000000001aa4                PROVIDE (isr_mcpwm, isr_default_fault)
                0x0000000000001aa4                PROVIDE (isr_qei, isr_default_fault)
                0x0000000000001aa4                PROVIDE (isr_pll_1, isr_default_fault)
                0x0000000000001aa4                PROVIDE (isr_usb_activity, isr_default_fault)
                0x0000000000001aa4                PROVIDE (isr_can_activity, isr_default_fault)
                0x000000002009c000                iomem_GPIO0 = 0x2009c000
                0x000000002009c020                iomem_GPIO1 = 0x2009c020
                0x000000002009c040                iomem_GPIO2 = 0x2009c040
                0x000000002009c060                iomem_GPIO3 = 0x2009c060
                0x000000002009c080                iomem_GPIO4 = 0x2009c080
                0x0000000040004000                iomem_TIMER0 = 0x40004000
                0x0000000040008000                iomem_TIMER1 = 0x40008000
                0x000000004000c000                iomem_UART0 = 0x4000c000
                0x000000004002c000                iomem_PINSEL0 = 0x4002c000
                0x000000004002c004                iomem_PINSEL1 = 0x4002c004
                0x000000004002c008                iomem_PINSEL2 = 0x4002c008
                0x000000004002c00c                iomem_PINSEL3 = 0x4002c00c
                0x000000004002c010                iomem_PINSEL4 = 0x4002c010
                0x000000004002c01c                iomem_PINSEL7 = 0x4002c01c
                0x000000004002c024                iomem_PINSEL9 = 0x4002c024
                0x000000004002c028                iomem_PINSEL10 = 0x4002c028
                0x0000000040030000                iomem_SSP1 = 0x40030000
                0x0000000040088000                iomem_SSP0 = 0x40088000
                0x0000000040090000                iomem_TIMER2 = 0x40090000
                0x0000000040094000                iomem_TIMER3 = 0x40094000
                0x0000000040098000                iomem_UART2 = 0x40098000
                0x000000004009c000                iomem_UART3 = 0x4009c000
                0x00000000400fc000                iomem_FLASHCFG = 0x400fc000
                0x00000000400fc080                iomem_PLL0CON = 0x400fc080
                0x00000000400fc084                iomem_PLL0CFG = 0x400fc084
                0x00000000400fc088                iomem_PLL0STAT = 0x400fc088
                0x00000000400fc08c                iomem_PLL0FEED = 0x400fc08c
                0x00000000400fc0c4                iomem_PCONP = 0x400fc0c4
                0x00000000400fc104                iomem_CCLKCFG = 0x400fc104
                0x00000000400fc10c                iomem_CLKSRCSEL = 0x400fc10c
                0x00000000400fc1a8                iomem_PCLKSEL0 = 0x400fc1a8
                0x00000000400fc1ac                iomem_PCLKSEL1 = 0x400fc1ac
                0x00000000400fc1a0                iomem_SCS = 0x400fc1a0

.text           0x0000000000000000     0x27d4
 FILL mask 0xff
 *(.isr_vector)
 .isr_vector    0x0000000000000000       0x40 /home/travis/build/hackndev/zinc/build/intermediate/isr.o
                0x0000000000000000                ISRVectors
 *(.isr_vector_nvic)
 .isr_vector_nvic
                0x0000000000000040       0x8c /home/travis/build/hackndev/zinc/build/intermediate/isr.o
                0x0000000000000040                NVICVectors
 FILL mask 0xff
 *(.text*)
 .text.main     0x00000000000000cc      0xdd6 /home/travis/build/hackndev/zinc/build/intermediate/mbed_lcd/app_mbed_lcd.o
                0x00000000000000cc                main
 *fill*         0x0000000000000ea2        0x2 
 .text.__morestack
                0x0000000000000ea4       0x1a /home/travis/build/hackndev/zinc/build/intermediate/mbed_lcd/app_mbed_lcd.o
                0x0000000000000ea4                __morestack
 *fill*         0x0000000000000ebe        0x2 
 .text.task_scheduler
                0x0000000000000ec0       0x8e /home/travis/build/hackndev/zinc/build/intermediate/mbed_lcd/app_mbed_lcd.o
                0x0000000000000ec0                task_scheduler
 *fill*         0x0000000000000f4e        0x2 
 .text._ZN7drivers3lcd6c1233239C12332$LT$$x27a$C$$x20S$C$$x20T$GT$.LCD5flush21h174484319079529670964v0.0E
                0x0000000000000f50      0x84e /home/travis/build/hackndev/zinc/build/intermediate/mbed_lcd/app_mbed_lcd.o
 *fill*         0x000000000000179e        0x2 
 .text._ZN7drivers3lcd6c1233242C12332$LT$$x27a$C$$x20S$C$$x20T$GT$.CharIO4putc21h144716889285746008684v0.0E
                0x00000000000017a0      0x298 /home/travis/build/hackndev/zinc/build/intermediate/mbed_lcd/app_mbed_lcd.o
 .text.kill_current_task
                0x0000000000001a38       0x42 /home/travis/build/hackndev/zinc/build/intermediate/mbed_lcd/app_mbed_lcd.o
 *fill*         0x0000000000001a7a        0x2 
 .text._ZN7failure17fail_bounds_check20hd02eb70fa0b2c11cuUv11v0.11.0.preE
                0x0000000000001a7c       0x26 /home/travis/build/hackndev/zinc/build/intermediate/mbed_lcd/app_mbed_lcd.o
 *fill*         0x0000000000001aa2        0x2 
 .text.isr_default_fault
                0x0000000000001aa4       0x10 /home/travis/build/hackndev/zinc/build/intermediate/isr.o
                0x0000000000001aa4                isr_default_fault
 .text.memcpy   0x0000000000001ab4       0x14 /home/travis/build/hackndev/zinc/build/intermediate/support.o
                0x0000000000001ab4                memcpy
 .text.__aeabi_memcpy
                0x0000000000001ac8        0x4 /home/travis/build/hackndev/zinc/build/intermediate/support.o
                0x0000000000001ac8                __aeabi_memcpy
 .text.memset   0x0000000000001acc       0x10 /home/travis/build/hackndev/zinc/build/intermediate/support.o
                0x0000000000001acc                memset
 .text.__aeabi_memset
                0x0000000000001adc        0xa /home/travis/build/hackndev/zinc/build/intermediate/support.o
                0x0000000000001adc                __aeabi_memset
 *fill*         0x0000000000001ae6        0x2 
 .text.abort    0x0000000000001ae8        0x4 /home/travis/build/hackndev/zinc/build/intermediate/support.o
                0x0000000000001ae8                abort
 .text.__aeabi_unwind_cpp_pr0
                0x0000000000001aec        0x8 /home/travis/build/hackndev/zinc/build/intermediate/support.o
                0x0000000000001aec                __aeabi_unwind_cpp_pr0
 .text.sched.isr_systick
                0x0000000000001af4       0x28 /home/travis/build/hackndev/zinc/build/intermediate/isr_sched.o
                0x0000000000001af4                isr_systick
 .text.sched.isr_pendsv
                0x0000000000001b1c       0x28 /home/travis/build/hackndev/zinc/build/intermediate/isr_sched.o
                0x0000000000001b1c                isr_pendsv
 .text.sched.isr_svcall
                0x0000000000001b44       0x10 /home/travis/build/hackndev/zinc/build/intermediate/isr_sched.o
                0x0000000000001b44                isr_svcall
 .text.sched.syscall
                0x0000000000001b54        0x4 /home/travis/build/hackndev/zinc/build/intermediate/isr_sched.o
                0x0000000000001b54                syscall
 .text          0x0000000000001b58      0x21c /usr/lib/gcc/arm-none-eabi/4.8.3/armv7-m/libgcc.a(_arm_addsubsf3.o)
                0x0000000000001b58                __aeabi_frsub
                0x0000000000001b60                __subsf3
                0x0000000000001b60                __aeabi_fsub
                0x0000000000001b64                __aeabi_fadd
                0x0000000000001b64                __addsf3
                0x0000000000001cc4                __aeabi_ui2f
                0x0000000000001cc4                __floatunsisf
                0x0000000000001ccc                __aeabi_i2f
                0x0000000000001ccc                __floatsisf
                0x0000000000001ce8                __floatundisf
                0x0000000000001ce8                __aeabi_ul2f
                0x0000000000001cf8                __floatdisf
                0x0000000000001cf8                __aeabi_l2f
 .text          0x0000000000001d74      0x2a0 /usr/lib/gcc/arm-none-eabi/4.8.3/armv7-m/libgcc.a(_arm_muldivsf3.o)
                0x0000000000001d74                __mulsf3
                0x0000000000001d74                __aeabi_fmul
                0x0000000000001edc                __divsf3
                0x0000000000001edc                __aeabi_fdiv
 .text          0x0000000000002014       0x40 /usr/lib/gcc/arm-none-eabi/4.8.3/armv7-m/libgcc.a(_arm_fixunssfsi.o)
                0x0000000000002014                __aeabi_f2uiz
                0x0000000000002014                __fixunssfsi
 *(.rodata .rodata.*)
 *fill*         0x0000000000002054        0xc 
 .rodata._ZN8platform20hefb5037656864dfcLaa4v0.0E
                0x0000000000002060       0x38 /home/travis/build/hackndev/zinc/build/intermediate/mbed_lcd/app_mbed_lcd.o
 *fill*         0x0000000000002098        0x8 
 .rodata..Lconst
                0x00000000000020a0      0x724 /home/travis/build/hackndev/zinc/build/intermediate/mbed_lcd/app_mbed_lcd.o
 .rodata..Lswitch.table
                0x00000000000027c4       0x10 /home/travis/build/hackndev/zinc/build/intermediate/mbed_lcd/app_mbed_lcd.o

.data           0x0000000010000000       0x34 load address 0x00000000000027d4
                0x0000000010000000                _data = .
 *(SORT(.data*))
 .data._ZN2os4task5Tasks20h119f04e9f24e1c7bUhe4v0.0E
                0x0000000010000000       0x34 /home/travis/build/hackndev/zinc/build/intermediate/mbed_lcd/app_mbed_lcd.o
                0x0000000010000034                . = ALIGN (0x4)
                0x0000000010000034                _edata = .

.bss            0x0000000010000034        0x8 load address 0x0000000000002808
                0x0000000010000034                _bss = .
 *(.bss*)
 *(COMMON)
                0x0000000010000034                . = ALIGN (0x4)
                0x0000000010000034                _ebss = .
                0x0000000010000038                . = (. + 0x4)
 *fill*         0x0000000010000034        0x4 
                0x0000000010000038                __STACK_LIMIT = .
                0x000000001000003c                . = (. + 0x4)
 *fill*         0x0000000010000038        0x4 
                0x000000001000003c                _eglobals = .

/DISCARD/
 *(.glue_7*)
 *(.v4_bx)
 *(.vfp11_veneer)
 *(.iplt .igot.plt)
 *(.rel.*)
 *(.ARM.exidx*)
LOAD /home/travis/build/hackndev/zinc/build/intermediate/mbed_lcd/app_mbed_lcd.o
LOAD /home/travis/build/hackndev/zinc/build/intermediate/isr.o
LOAD /home/travis/build/hackndev/zinc/build/intermediate/support.o
LOAD /home/travis/build/hackndev/zinc/build/intermediate/isr_sched.o
LOAD /usr/lib/gcc/arm-none-eabi/4.8.3/armv7-m/libgcc.a
OUTPUT(/home/travis/build/hackndev/zinc/build/app_mbed_lcd.elf elf32-littlearm)

.ARM.attributes
                0x0000000000000000       0x29
 .ARM.attributes
                0x0000000000000000       0x2d /home/travis/build/hackndev/zinc/build/intermediate/mbed_lcd/app_mbed_lcd.o
 .ARM.attributes
                0x000000000000002d       0x2d /home/travis/build/hackndev/zinc/build/intermediate/isr.o
 .ARM.attributes
                0x000000000000005a       0x2d /home/travis/build/hackndev/zinc/build/intermediate/support.o
 .ARM.attributes
                0x0000000000000087       0x1b /home/travis/build/hackndev/zinc/build/intermediate/isr_sched.o
 .ARM.attributes
                0x00000000000000a2       0x1d /usr/lib/gcc/arm-none-eabi/4.8.3/armv7-m/libgcc.a(_arm_addsubsf3.o)
 .ARM.attributes
                0x00000000000000bf       0x1d /usr/lib/gcc/arm-none-eabi/4.8.3/armv7-m/libgcc.a(_arm_muldivsf3.o)
 .ARM.attributes
                0x00000000000000dc       0x1d /usr/lib/gcc/arm-none-eabi/4.8.3/armv7-m/libgcc.a(_arm_fixunssfsi.o)
