Archive member included because of file (symbol)

/usr/lib/gcc/arm-none-eabi/4.8.3/armv7-m/libgcc.a(_udivsi3.o)
                              /home/travis/build/hackndev/zinc/build/intermediate/sched/app_sched.o (__aeabi_uidivmod)
/usr/lib/gcc/arm-none-eabi/4.8.3/armv7-m/libgcc.a(_dvmd_tls.o)
                              /usr/lib/gcc/arm-none-eabi/4.8.3/armv7-m/libgcc.a(_udivsi3.o) (__aeabi_idiv0)

Discarded input sections

 .text          0x0000000000000000        0x0 /home/travis/build/hackndev/zinc/build/intermediate/sched/app_sched.o
 .data          0x0000000000000000        0x0 /home/travis/build/hackndev/zinc/build/intermediate/sched/app_sched.o
 .ARM.exidx.text.main
                0x0000000000000000        0x8 /home/travis/build/hackndev/zinc/build/intermediate/sched/app_sched.o
 .ARM.exidx.text.__morestack
                0x0000000000000000        0x8 /home/travis/build/hackndev/zinc/build/intermediate/sched/app_sched.o
 .ARM.exidx.text.task_scheduler
                0x0000000000000000        0x8 /home/travis/build/hackndev/zinc/build/intermediate/sched/app_sched.o
 .ARM.exidx.text._ZN9main_task20h6b45fb88a9396480Wba4v0.0E
                0x0000000000000000        0x8 /home/travis/build/hackndev/zinc/build/intermediate/sched/app_sched.o
 .ARM.exidx.text._ZN4task20ha1ed6692363d03a5Zaa4v0.0E
                0x0000000000000000        0x8 /home/travis/build/hackndev/zinc/build/intermediate/sched/app_sched.o
 .ARM.exidx.text._ZN3hal9cortex_m35sched13task_finished20ha07b28909bd83c13RRd4v0.0E
                0x0000000000000000        0x8 /home/travis/build/hackndev/zinc/build/intermediate/sched/app_sched.o
 .ARM.exidx.text._ZN3lib7strconv4itoa20hb83add98f5eb3845V0d4v0.0E
                0x0000000000000000        0x8 /home/travis/build/hackndev/zinc/build/intermediate/sched/app_sched.o
 .text.rust_stack_exhausted
                0x0000000000000000        0x2 /home/travis/build/hackndev/zinc/build/intermediate/sched/app_sched.o
 .ARM.exidx.text.rust_stack_exhausted
                0x0000000000000000        0x8 /home/travis/build/hackndev/zinc/build/intermediate/sched/app_sched.o
 .text.rust_eh_personality
                0x0000000000000000        0x2 /home/travis/build/hackndev/zinc/build/intermediate/sched/app_sched.o
 .ARM.exidx.text.rust_eh_personality
                0x0000000000000000        0x8 /home/travis/build/hackndev/zinc/build/intermediate/sched/app_sched.o
 .text.rust_begin_unwind
                0x0000000000000000        0x2 /home/travis/build/hackndev/zinc/build/intermediate/sched/app_sched.o
 .ARM.exidx.text.rust_begin_unwind
                0x0000000000000000        0x8 /home/travis/build/hackndev/zinc/build/intermediate/sched/app_sched.o
 .ARM.exidx.text._ZN2os4task5setup20h89298f91106f88b3rje4v0.0E
                0x0000000000000000        0x8 /home/travis/build/hackndev/zinc/build/intermediate/sched/app_sched.o
 .ARM.exidx.text._ZN2os4task11define_task20h45d84085467a7095uke4v0.0E
                0x0000000000000000        0x8 /home/travis/build/hackndev/zinc/build/intermediate/sched/app_sched.o
 .ARM.exidx.text._ZN2os4task14TaskDescriptor3new20h4c9684ff434168f3Nle4v0.0E
                0x0000000000000000        0x8 /home/travis/build/hackndev/zinc/build/intermediate/sched/app_sched.o
 .ARM.exidx.text.kill_current_task
                0x0000000000000000        0x8 /home/travis/build/hackndev/zinc/build/intermediate/sched/app_sched.o
 .ARM.exidx.text._ZN7drivers6chario6CharIO4puts20h78707051107713336904v0.0E
                0x0000000000000000        0x8 /home/travis/build/hackndev/zinc/build/intermediate/sched/app_sched.o
 .ARM.exidx.text._ZN7drivers6chario6CharIO4puti20h37863590124189422164v0.0E
                0x0000000000000000        0x8 /home/travis/build/hackndev/zinc/build/intermediate/sched/app_sched.o
 .ARM.exidx.text._ZN7failure5fail_20h0a3ba6f2170d8e5e4Sv11v0.11.0.preE
                0x0000000000000000        0x8 /home/travis/build/hackndev/zinc/build/intermediate/sched/app_sched.o
 .ARM.exidx.text._ZN7failure17fail_bounds_check20hd02eb70fa0b2c11cuUv11v0.11.0.preE
                0x0000000000000000        0x8 /home/travis/build/hackndev/zinc/build/intermediate/sched/app_sched.o
 .text          0x0000000000000000        0x0 /home/travis/build/hackndev/zinc/build/intermediate/isr.o
 .data          0x0000000000000000        0x0 /home/travis/build/hackndev/zinc/build/intermediate/isr.o
 .bss           0x0000000000000000        0x0 /home/travis/build/hackndev/zinc/build/intermediate/isr.o
 .ARM.exidx.text.isr_default_fault
                0x0000000000000000        0x8 /home/travis/build/hackndev/zinc/build/intermediate/isr.o
 .text.rust_stack_exhausted
                0x0000000000000000        0x2 /home/travis/build/hackndev/zinc/build/intermediate/isr.o
 .ARM.exidx.text.rust_stack_exhausted
                0x0000000000000000        0x8 /home/travis/build/hackndev/zinc/build/intermediate/isr.o
 .text.rust_eh_personality
                0x0000000000000000        0x2 /home/travis/build/hackndev/zinc/build/intermediate/isr.o
 .ARM.exidx.text.rust_eh_personality
                0x0000000000000000        0x8 /home/travis/build/hackndev/zinc/build/intermediate/isr.o
 .text.rust_begin_unwind
                0x0000000000000000        0x2 /home/travis/build/hackndev/zinc/build/intermediate/isr.o
 .ARM.exidx.text.rust_begin_unwind
                0x0000000000000000        0x8 /home/travis/build/hackndev/zinc/build/intermediate/isr.o
 .text          0x0000000000000000        0x0 /home/travis/build/hackndev/zinc/build/intermediate/support.o
 .data          0x0000000000000000        0x0 /home/travis/build/hackndev/zinc/build/intermediate/support.o
 .bss           0x0000000000000000        0x0 /home/travis/build/hackndev/zinc/build/intermediate/support.o
 .ARM.exidx.text.memcpy
                0x0000000000000000        0x8 /home/travis/build/hackndev/zinc/build/intermediate/support.o
 .text.__aeabi_memcpy
                0x0000000000000000        0x4 /home/travis/build/hackndev/zinc/build/intermediate/support.o
 .ARM.exidx.text.__aeabi_memcpy
                0x0000000000000000        0x8 /home/travis/build/hackndev/zinc/build/intermediate/support.o
 .text.memset   0x0000000000000000       0x10 /home/travis/build/hackndev/zinc/build/intermediate/support.o
 .ARM.exidx.text.memset
                0x0000000000000000        0x8 /home/travis/build/hackndev/zinc/build/intermediate/support.o
 .text.__aeabi_memset
                0x0000000000000000        0xa /home/travis/build/hackndev/zinc/build/intermediate/support.o
 .ARM.exidx.text.__aeabi_memset
                0x0000000000000000        0x8 /home/travis/build/hackndev/zinc/build/intermediate/support.o
 .text.breakpoint
                0x0000000000000000        0x4 /home/travis/build/hackndev/zinc/build/intermediate/support.o
 .ARM.exidx.text.breakpoint
                0x0000000000000000        0x8 /home/travis/build/hackndev/zinc/build/intermediate/support.o
 .ARM.exidx.text.abort
                0x0000000000000000        0x8 /home/travis/build/hackndev/zinc/build/intermediate/support.o
 .ARM.exidx.text.__aeabi_unwind_cpp_pr0
                0x0000000000000000        0x8 /home/travis/build/hackndev/zinc/build/intermediate/support.o
 .text.__aeabi_unwind_cpp_pr1
                0x0000000000000000        0x8 /home/travis/build/hackndev/zinc/build/intermediate/support.o
 .ARM.exidx.text.__aeabi_unwind_cpp_pr1
                0x0000000000000000        0x8 /home/travis/build/hackndev/zinc/build/intermediate/support.o
 .text.get_eit_entry
                0x0000000000000000        0x8 /home/travis/build/hackndev/zinc/build/intermediate/support.o
 .ARM.exidx.text.get_eit_entry
                0x0000000000000000        0x8 /home/travis/build/hackndev/zinc/build/intermediate/support.o
 .text.unwind_phase2_forced
                0x0000000000000000        0x8 /home/travis/build/hackndev/zinc/build/intermediate/support.o
 .ARM.exidx.text.unwind_phase2_forced
                0x0000000000000000        0x8 /home/travis/build/hackndev/zinc/build/intermediate/support.o
 .text.unwind_phase2
                0x0000000000000000        0x8 /home/travis/build/hackndev/zinc/build/intermediate/support.o
 .ARM.exidx.text.unwind_phase2
                0x0000000000000000        0x8 /home/travis/build/hackndev/zinc/build/intermediate/support.o
 .text.rust_fail_bounds_check
                0x0000000000000000        0x8 /home/travis/build/hackndev/zinc/build/intermediate/support.o
 .ARM.exidx.text.rust_fail_bounds_check
                0x0000000000000000        0x8 /home/travis/build/hackndev/zinc/build/intermediate/support.o
 .text.rust_begin_unwind
                0x0000000000000000        0x8 /home/travis/build/hackndev/zinc/build/intermediate/support.o
 .ARM.exidx.text.rust_begin_unwind
                0x0000000000000000        0x8 /home/travis/build/hackndev/zinc/build/intermediate/support.o
 .text          0x0000000000000000        0x0 /home/travis/build/hackndev/zinc/build/intermediate/isr_sched.o
 .data          0x0000000000000000        0x0 /home/travis/build/hackndev/zinc/build/intermediate/isr_sched.o
 .bss           0x0000000000000000        0x0 /home/travis/build/hackndev/zinc/build/intermediate/isr_sched.o
 .data          0x0000000000000000        0x0 /usr/lib/gcc/arm-none-eabi/4.8.3/armv7-m/libgcc.a(_udivsi3.o)
 .bss           0x0000000000000000        0x0 /usr/lib/gcc/arm-none-eabi/4.8.3/armv7-m/libgcc.a(_udivsi3.o)
 .data          0x0000000000000000        0x0 /usr/lib/gcc/arm-none-eabi/4.8.3/armv7-m/libgcc.a(_dvmd_tls.o)
 .bss           0x0000000000000000        0x0 /usr/lib/gcc/arm-none-eabi/4.8.3/armv7-m/libgcc.a(_dvmd_tls.o)

Memory Configuration

Name             Origin             Length             Attributes
rom              0x0000000000000000 0x0000000000008000 xr
ram              0x0000000010000000 0x0000000000002000 awl
*default*        0x0000000000000000 0xffffffffffffffff

Linker script and memory map

                0x0000000010002000                __STACK_BASE = 0x10002000
                0xffffffffefffc991                _boot_checksum = (0x0 - ((((((__STACK_BASE + main) + 0x1) + isr_nmi) + 0x1) + isr_hardfault) + 0x1))
                0x0000000000000be8                _data_load = LOADADDR (.data)
                0x0000000000000ad0                PROVIDE (isr_nmi, isr_default_fault)
                0x0000000000000ad0                PROVIDE (isr_hardfault, isr_default_fault)
                0x0000000000000ad0                PROVIDE (isr_mmfault, isr_default_fault)
                0x0000000000000ad0                PROVIDE (isr_busfault, isr_default_fault)
                0x0000000000000ad0                PROVIDE (isr_usagefault, isr_default_fault)
                0x0000000000000ad0                PROVIDE (isr_svcall, isr_default_fault)
                0x0000000000000ad0                PROVIDE (isr_pendsv, isr_default_fault)
                0x0000000000000ad0                PROVIDE (isr_systick, isr_default_fault)
                0x00000000e000e010                armmem_SYSTICK = 0xe000e010
                0x00000000e000e100                armmem_NVIC_ISER = 0xe000e100
                0x00000000e000e180                armmem_NVIC_ICER = 0xe000e180
                0x00000000e000e200                armmem_NVIC_ISPR = 0xe000e200
                0x00000000e000e280                armmem_NVIC_ICPR = 0xe000e280
                0x00000000e000e300                armmem_NVIC_IABR = 0xe000e300
                0x00000000e000e400                armmem_NVIC_IPR = 0xe000e400
                0x00000000e000ef00                armmem_NVIC_STIR = 0xe000ef00
                0x00000000e000e008                armmem_SCB_ACTLR = 0xe000e008
                0x00000000e000ed00                armmem_SCB = 0xe000ed00
                0x00000000e000ed90                armmem_MPU = 0xe000ed90
                0x0000000000000ad0                PROVIDE (isr_wdt, isr_default_fault)
                0x0000000000000ad0                PROVIDE (isr_timer_0, isr_default_fault)
                0x0000000000000ad0                PROVIDE (isr_timer_1, isr_default_fault)
                0x0000000000000ad0                PROVIDE (isr_timer_2, isr_default_fault)
                0x0000000000000ad0                PROVIDE (isr_timer_3, isr_default_fault)
                0x0000000000000ad0                PROVIDE (isr_uart_0, isr_default_fault)
                0x0000000000000ad0                PROVIDE (isr_uart_1, isr_default_fault)
                0x0000000000000ad0                PROVIDE (isr_uart_2, isr_default_fault)
                0x0000000000000ad0                PROVIDE (isr_uart_3, isr_default_fault)
                0x0000000000000ad0                PROVIDE (isr_pwm_1, isr_default_fault)
                0x0000000000000ad0                PROVIDE (isr_i2c_0, isr_default_fault)
                0x0000000000000ad0                PROVIDE (isr_i2c_1, isr_default_fault)
                0x0000000000000ad0                PROVIDE (isr_i2c_2, isr_default_fault)
                0x0000000000000ad0                PROVIDE (isr_spi, isr_default_fault)
                0x0000000000000ad0                PROVIDE (isr_ssp_0, isr_default_fault)
                0x0000000000000ad0                PROVIDE (isr_ssp_1, isr_default_fault)
                0x0000000000000ad0                PROVIDE (isr_pll_0, isr_default_fault)
                0x0000000000000ad0                PROVIDE (isr_rtc, isr_default_fault)
                0x0000000000000ad0                PROVIDE (isr_eint_0, isr_default_fault)
                0x0000000000000ad0                PROVIDE (isr_eint_1, isr_default_fault)
                0x0000000000000ad0                PROVIDE (isr_eint_2, isr_default_fault)
                0x0000000000000ad0                PROVIDE (isr_eint_3, isr_default_fault)
                0x0000000000000ad0                PROVIDE (isr_adc, isr_default_fault)
                0x0000000000000ad0                PROVIDE (isr_bod, isr_default_fault)
                0x0000000000000ad0                PROVIDE (isr_usb, isr_default_fault)
                0x0000000000000ad0                PROVIDE (isr_can, isr_default_fault)
                0x0000000000000ad0                PROVIDE (isr_dma, isr_default_fault)
                0x0000000000000ad0                PROVIDE (isr_i2s, isr_default_fault)
                0x0000000000000ad0                PROVIDE (isr_enet, isr_default_fault)
                0x0000000000000ad0                PROVIDE (isr_rit, isr_default_fault)
                0x0000000000000ad0                PROVIDE (isr_mcpwm, isr_default_fault)
                0x0000000000000ad0                PROVIDE (isr_qei, isr_default_fault)
                0x0000000000000ad0                PROVIDE (isr_pll_1, isr_default_fault)
                0x0000000000000ad0                PROVIDE (isr_usb_activity, isr_default_fault)
                0x0000000000000ad0                PROVIDE (isr_can_activity, isr_default_fault)
                0x000000002009c000                iomem_GPIO0 = 0x2009c000
                0x000000002009c020                iomem_GPIO1 = 0x2009c020
                0x000000002009c040                iomem_GPIO2 = 0x2009c040
                0x000000002009c060                iomem_GPIO3 = 0x2009c060
                0x000000002009c080                iomem_GPIO4 = 0x2009c080
                0x0000000040004000                iomem_TIMER0 = 0x40004000
                0x0000000040008000                iomem_TIMER1 = 0x40008000
                0x000000004000c000                iomem_UART0 = 0x4000c000
                0x000000004002c000                iomem_PINSEL0 = 0x4002c000
                0x000000004002c004                iomem_PINSEL1 = 0x4002c004
                0x000000004002c008                iomem_PINSEL2 = 0x4002c008
                0x000000004002c00c                iomem_PINSEL3 = 0x4002c00c
                0x000000004002c010                iomem_PINSEL4 = 0x4002c010
                0x000000004002c01c                iomem_PINSEL7 = 0x4002c01c
                0x000000004002c024                iomem_PINSEL9 = 0x4002c024
                0x000000004002c028                iomem_PINSEL10 = 0x4002c028
                0x0000000040030000                iomem_SSP1 = 0x40030000
                0x0000000040088000                iomem_SSP0 = 0x40088000
                0x0000000040090000                iomem_TIMER2 = 0x40090000
                0x0000000040094000                iomem_TIMER3 = 0x40094000
                0x0000000040098000                iomem_UART2 = 0x40098000
                0x000000004009c000                iomem_UART3 = 0x4009c000
                0x00000000400fc000                iomem_FLASHCFG = 0x400fc000
                0x00000000400fc080                iomem_PLL0CON = 0x400fc080
                0x00000000400fc084                iomem_PLL0CFG = 0x400fc084
                0x00000000400fc088                iomem_PLL0STAT = 0x400fc088
                0x00000000400fc08c                iomem_PLL0FEED = 0x400fc08c
                0x00000000400fc0c4                iomem_PCONP = 0x400fc0c4
                0x00000000400fc104                iomem_CCLKCFG = 0x400fc104
                0x00000000400fc10c                iomem_CLKSRCSEL = 0x400fc10c
                0x00000000400fc1a8                iomem_PCLKSEL0 = 0x400fc1a8
                0x00000000400fc1ac                iomem_PCLKSEL1 = 0x400fc1ac
                0x00000000400fc1a0                iomem_SCS = 0x400fc1a0

.text           0x0000000000000000      0xbe8
 FILL mask 0xff
 *(.isr_vector)
 .isr_vector    0x0000000000000000       0x40 /home/travis/build/hackndev/zinc/build/intermediate/isr.o
                0x0000000000000000                ISRVectors
 *(.isr_vector_nvic)
 .isr_vector_nvic
                0x0000000000000040       0x8c /home/travis/build/hackndev/zinc/build/intermediate/isr.o
                0x0000000000000040                NVICVectors
 FILL mask 0xff
 *(.text*)
 .text.main     0x00000000000000cc      0x2b0 /home/travis/build/hackndev/zinc/build/intermediate/sched/app_sched.o
                0x00000000000000cc                main
 .text.__morestack
                0x000000000000037c       0x1a /home/travis/build/hackndev/zinc/build/intermediate/sched/app_sched.o
                0x000000000000037c                __morestack
 *fill*         0x0000000000000396        0x2 
 .text.task_scheduler
                0x0000000000000398       0x8e /home/travis/build/hackndev/zinc/build/intermediate/sched/app_sched.o
                0x0000000000000398                task_scheduler
 *fill*         0x0000000000000426        0x2 
 .text._ZN9main_task20h6b45fb88a9396480Wba4v0.0E
                0x0000000000000428       0xf8 /home/travis/build/hackndev/zinc/build/intermediate/sched/app_sched.o
 .text._ZN4task20ha1ed6692363d03a5Zaa4v0.0E
                0x0000000000000520      0x104 /home/travis/build/hackndev/zinc/build/intermediate/sched/app_sched.o
 .text._ZN3hal9cortex_m35sched13task_finished20ha07b28909bd83c13RRd4v0.0E
                0x0000000000000624       0x28 /home/travis/build/hackndev/zinc/build/intermediate/sched/app_sched.o
 .text._ZN3lib7strconv4itoa20hb83add98f5eb3845V0d4v0.0E
                0x000000000000064c      0x13e /home/travis/build/hackndev/zinc/build/intermediate/sched/app_sched.o
 *fill*         0x000000000000078a        0x2 
 .text._ZN2os4task5setup20h89298f91106f88b3rje4v0.0E
                0x000000000000078c       0x9a /home/travis/build/hackndev/zinc/build/intermediate/sched/app_sched.o
 *fill*         0x0000000000000826        0x2 
 .text._ZN2os4task11define_task20h45d84085467a7095uke4v0.0E
                0x0000000000000828       0xba /home/travis/build/hackndev/zinc/build/intermediate/sched/app_sched.o
 *fill*         0x00000000000008e2        0x2 
 .text._ZN2os4task14TaskDescriptor3new20h4c9684ff434168f3Nle4v0.0E
                0x00000000000008e4       0x8c /home/travis/build/hackndev/zinc/build/intermediate/sched/app_sched.o
 .text.kill_current_task
                0x0000000000000970       0x42 /home/travis/build/hackndev/zinc/build/intermediate/sched/app_sched.o
 *fill*         0x00000000000009b2        0x2 
 .text._ZN7drivers6chario6CharIO4puts20h78707051107713336904v0.0E
                0x00000000000009b4       0x60 /home/travis/build/hackndev/zinc/build/intermediate/sched/app_sched.o
 .text._ZN7drivers6chario6CharIO4puti20h37863590124189422164v0.0E
                0x0000000000000a14       0x6c /home/travis/build/hackndev/zinc/build/intermediate/sched/app_sched.o
 .text._ZN7failure5fail_20h0a3ba6f2170d8e5e4Sv11v0.11.0.preE
                0x0000000000000a80       0x26 /home/travis/build/hackndev/zinc/build/intermediate/sched/app_sched.o
 *fill*         0x0000000000000aa6        0x2 
 .text._ZN7failure17fail_bounds_check20hd02eb70fa0b2c11cuUv11v0.11.0.preE
                0x0000000000000aa8       0x26 /home/travis/build/hackndev/zinc/build/intermediate/sched/app_sched.o
 *fill*         0x0000000000000ace        0x2 
 .text.isr_default_fault
                0x0000000000000ad0       0x10 /home/travis/build/hackndev/zinc/build/intermediate/isr.o
                0x0000000000000ad0                isr_default_fault
 .text.memcpy   0x0000000000000ae0       0x14 /home/travis/build/hackndev/zinc/build/intermediate/support.o
                0x0000000000000ae0                memcpy
 .text.abort    0x0000000000000af4        0x4 /home/travis/build/hackndev/zinc/build/intermediate/support.o
                0x0000000000000af4                abort
 .text.__aeabi_unwind_cpp_pr0
                0x0000000000000af8        0x8 /home/travis/build/hackndev/zinc/build/intermediate/support.o
                0x0000000000000af8                __aeabi_unwind_cpp_pr0
 .text.sched.isr_systick
                0x0000000000000b00       0x28 /home/travis/build/hackndev/zinc/build/intermediate/isr_sched.o
                0x0000000000000b00                isr_systick
 .text.sched.isr_pendsv
                0x0000000000000b28       0x28 /home/travis/build/hackndev/zinc/build/intermediate/isr_sched.o
                0x0000000000000b28                isr_pendsv
 .text.sched.isr_svcall
                0x0000000000000b50       0x10 /home/travis/build/hackndev/zinc/build/intermediate/isr_sched.o
                0x0000000000000b50                isr_svcall
 .text.sched.syscall
                0x0000000000000b60        0x4 /home/travis/build/hackndev/zinc/build/intermediate/isr_sched.o
                0x0000000000000b60                syscall
 .text          0x0000000000000b64       0x24 /usr/lib/gcc/arm-none-eabi/4.8.3/armv7-m/libgcc.a(_udivsi3.o)
                0x0000000000000b64                __udivsi3
                0x0000000000000b64                __aeabi_uidiv
                0x0000000000000b78                __aeabi_uidivmod
 .text          0x0000000000000b88        0x4 /usr/lib/gcc/arm-none-eabi/4.8.3/armv7-m/libgcc.a(_dvmd_tls.o)
                0x0000000000000b88                __aeabi_ldiv0
                0x0000000000000b88                __aeabi_idiv0
 *(.rodata .rodata.*)
 .rodata.str444
                0x0000000000000b8c        0x5 /home/travis/build/hackndev/zinc/build/intermediate/sched/app_sched.o
 *fill*         0x0000000000000b91        0x3 
 .rodata.str445
                0x0000000000000b94        0x9 /home/travis/build/hackndev/zinc/build/intermediate/sched/app_sched.o
 *fill*         0x0000000000000b9d        0x3 
 .rodata.str446
                0x0000000000000ba0       0x10 /home/travis/build/hackndev/zinc/build/intermediate/sched/app_sched.o
 .rodata.str447
                0x0000000000000bb0        0x1 /home/travis/build/hackndev/zinc/build/intermediate/sched/app_sched.o
 *fill*         0x0000000000000bb1        0xf 
 .rodata.str449
                0x0000000000000bc0       0x15 /home/travis/build/hackndev/zinc/build/intermediate/sched/app_sched.o
 *fill*         0x0000000000000bd5        0x3 
 .rodata..Lswitch.table
                0x0000000000000bd8       0x10 /home/travis/build/hackndev/zinc/build/intermediate/sched/app_sched.o

.data           0x0000000010000000       0x34 load address 0x0000000000000be8
                0x0000000010000000                _data = .
 *(SORT(.data*))
 .data._ZN2os4task5Tasks20h119f04e9f24e1c7bUhe4v0.0E
                0x0000000010000000       0x34 /home/travis/build/hackndev/zinc/build/intermediate/sched/app_sched.o
                0x0000000010000034                . = ALIGN (0x4)
                0x0000000010000034                _edata = .

.bss            0x0000000010000040       0x50 load address 0x0000000000000c1c
                0x0000000010000040                _bss = .
 *(.bss*)
 .bss           0x0000000010000040       0x48 /home/travis/build/hackndev/zinc/build/intermediate/sched/app_sched.o
 *(COMMON)
                0x0000000010000088                . = ALIGN (0x4)
                0x0000000010000088                _ebss = .
                0x000000001000008c                . = (. + 0x4)
 *fill*         0x0000000010000088        0x4 
                0x000000001000008c                __STACK_LIMIT = .
                0x0000000010000090                . = (. + 0x4)
 *fill*         0x000000001000008c        0x4 
                0x0000000010000090                _eglobals = .

/DISCARD/
 *(.glue_7*)
 *(.v4_bx)
 *(.vfp11_veneer)
 *(.iplt .igot.plt)
 *(.rel.*)
 *(.ARM.exidx*)
LOAD /home/travis/build/hackndev/zinc/build/intermediate/sched/app_sched.o
LOAD /home/travis/build/hackndev/zinc/build/intermediate/isr.o
LOAD /home/travis/build/hackndev/zinc/build/intermediate/support.o
LOAD /home/travis/build/hackndev/zinc/build/intermediate/isr_sched.o
LOAD /usr/lib/gcc/arm-none-eabi/4.8.3/armv7-m/libgcc.a
OUTPUT(/home/travis/build/hackndev/zinc/build/app_sched.elf elf32-littlearm)

.ARM.attributes
                0x0000000000000000       0x29
 .ARM.attributes
                0x0000000000000000       0x2d /home/travis/build/hackndev/zinc/build/intermediate/sched/app_sched.o
 .ARM.attributes
                0x000000000000002d       0x2d /home/travis/build/hackndev/zinc/build/intermediate/isr.o
 .ARM.attributes
                0x000000000000005a       0x2d /home/travis/build/hackndev/zinc/build/intermediate/support.o
 .ARM.attributes
                0x0000000000000087       0x1b /home/travis/build/hackndev/zinc/build/intermediate/isr_sched.o
 .ARM.attributes
                0x00000000000000a2       0x1d /usr/lib/gcc/arm-none-eabi/4.8.3/armv7-m/libgcc.a(_udivsi3.o)
 .ARM.attributes
                0x00000000000000bf       0x1d /usr/lib/gcc/arm-none-eabi/4.8.3/armv7-m/libgcc.a(_dvmd_tls.o)

.debug_frame    0x0000000000000000       0x20
 .debug_frame   0x0000000000000000       0x20 /usr/lib/gcc/arm-none-eabi/4.8.3/armv7-m/libgcc.a(_udivsi3.o)
